<html>
<body>
<pre>
<h1>µVision Build Log</h1>
<h2>Tool Versions:</h2>
IDE-Version: ¦ÌVision V5.28.0.0
Copyright (C) 2019 ARM Ltd and ARM Germany GmbH. All rights reserved.
License Information: dadasdasd KXDN, dadadad, LIC=AK1BF-6GLYK-5B4EB-2XGIG-9BMKA-37EDI
 
Tool Versions:
Toolchain:       MDK-ARM Professional  Version: 5.28.0.0
Toolchain Path:  D:\MDK5\ARM\ARMCC\Bin
C Compiler:      Armcc.exe V5.06 update 6 (build 750)
Assembler:       Armasm.exe V5.06 update 6 (build 750)
Linker/Locator:  ArmLink.exe V5.06 update 6 (build 750)
Library Manager: ArmAr.exe V5.06 update 6 (build 750)
Hex Converter:   FromElf.exe V5.06 update 6 (build 750)
CPU DLL:         SARMCM3.DLL V5.28.0.0
Dialog DLL:      DCM.DLL V1.17.3.0
Target DLL:      UL2CM3.DLL V1.162.16.0
Dialog DLL:      TCM.DLL V1.36.2.0
 
<h2>Project:</h2>
C:\Users\KXDN\Desktop\work\STM32\class\3\USER\Template.uvprojx
Project File Date:  10/07/2022

<h2>Output:</h2>
*** Using Compiler 'V5.06 update 6 (build 750)', folder: 'D:\MDK5\ARM\ARMCC\Bin'
Build target 'EXTI'
compiling EXTI.c...
my_headfile.h(14): warning:  #1295-D: Deprecated declaration my_gpio_init_PA - give arg types
  void my_gpio_init_PA();
my_headfile.h(15): warning:  #1295-D: Deprecated declaration LED_init - give arg types
  void LED_init();
my_headfile.h(16): warning:  #1295-D: Deprecated declaration Key_init - give arg types
  void Key_init();
my_headfile.h(31): warning:  #1295-D: Deprecated declaration Key_0_Is - give arg types
  void Key_0_Is();
my_headfile.h(51): warning:  #1-D: last line of file ends without a newline
  #endif /* USER_MYHEADFILE_H_ */
EXTI.c: 5 warnings, 0 errors
compiling main.c...
my_headfile.h(14): warning:  #1295-D: Deprecated declaration my_gpio_init_PA - give arg types
  void my_gpio_init_PA();
my_headfile.h(15): warning:  #1295-D: Deprecated declaration LED_init - give arg types
  void LED_init();
my_headfile.h(16): warning:  #1295-D: Deprecated declaration Key_init - give arg types
  void Key_init();
my_headfile.h(31): warning:  #1295-D: Deprecated declaration Key_0_Is - give arg types
  void Key_0_Is();
my_headfile.h(51): warning:  #1-D: last line of file ends without a newline
  #endif /* USER_MYHEADFILE_H_ */
main.c: 5 warnings, 0 errors
compiling LED.c...
my_headfile.h(14): warning:  #1295-D: Deprecated declaration my_gpio_init_PA - give arg types
  void my_gpio_init_PA();
my_headfile.h(15): warning:  #1295-D: Deprecated declaration LED_init - give arg types
  void LED_init();
my_headfile.h(16): warning:  #1295-D: Deprecated declaration Key_init - give arg types
  void Key_init();
my_headfile.h(31): warning:  #1295-D: Deprecated declaration Key_0_Is - give arg types
  void Key_0_Is();
my_headfile.h(51): warning:  #1-D: last line of file ends without a newline
  #endif /* USER_MYHEADFILE_H_ */
LED.c: 5 warnings, 0 errors
compiling KEY.c...
my_headfile.h(14): warning:  #1295-D: Deprecated declaration my_gpio_init_PA - give arg types
  void my_gpio_init_PA();
my_headfile.h(15): warning:  #1295-D: Deprecated declaration LED_init - give arg types
  void LED_init();
my_headfile.h(16): warning:  #1295-D: Deprecated declaration Key_init - give arg types
  void Key_init();
my_headfile.h(31): warning:  #1295-D: Deprecated declaration Key_0_Is - give arg types
  void Key_0_Is();
my_headfile.h(51): warning:  #1-D: last line of file ends without a newline
  #endif /* USER_MYHEADFILE_H_ */
KEY.c: 5 warnings, 0 errors
compiling my_gpio_init.c...
my_headfile.h(14): warning:  #1295-D: Deprecated declaration my_gpio_init_PA - give arg types
  void my_gpio_init_PA();
my_headfile.h(15): warning:  #1295-D: Deprecated declaration LED_init - give arg types
  void LED_init();
my_headfile.h(16): warning:  #1295-D: Deprecated declaration Key_init - give arg types
  void Key_init();
my_headfile.h(31): warning:  #1295-D: Deprecated declaration Key_0_Is - give arg types
  void Key_0_Is();
my_headfile.h(51): warning:  #1-D: last line of file ends without a newline
  #endif /* USER_MYHEADFILE_H_ */
my_gpio_init.c: 5 warnings, 0 errors
compiling my_usart.c...
my_headfile.h(14): warning:  #1295-D: Deprecated declaration my_gpio_init_PA - give arg types
  void my_gpio_init_PA();
my_headfile.h(15): warning:  #1295-D: Deprecated declaration LED_init - give arg types
  void LED_init();
my_headfile.h(16): warning:  #1295-D: Deprecated declaration Key_init - give arg types
  void Key_init();
my_headfile.h(31): warning:  #1295-D: Deprecated declaration Key_0_Is - give arg types
  void Key_0_Is();
my_headfile.h(51): warning:  #1-D: last line of file ends without a newline
  #endif /* USER_MYHEADFILE_H_ */
my_usart.c: 5 warnings, 0 errors
linking...
Program Size: Code=3208 RO-data=336 RW-data=92 ZI-data=1636  
FromELF: creating hex file...
"..\OBJ\EXTI.axf" - 0 Error(s), 30 Warning(s).

<h2>Software Packages used:</h2>

Package Vendor: Keil
                http://www.keil.com/pack/Keil.STM32F1xx_DFP.1.0.5.pack
                Keil.STM32F1xx_DFP.1.0.5
                STMicroelectronics STM32F1 Series Device Support, Drivers and Examples

<h2>Collection of Component include folders:</h2>
  .\RTE\_EXTI
  D:\MDK5\ARM\PACK\Keil\STM32F1xx_DFP\1.0.5\Device\Include

<h2>Collection of Component Files used:</h2>
Build Time Elapsed:  00:00:01
</pre>
</body>
</html>
